<!--[if lte IE 8]>Seven<![endif]--><div>Eight</div>
