<p>One Two Three</p> <table id="compress_html_profile_20150619" class="compress_html_profile"> <thead> <tr> <td>Step <td>Bytes <tbody> <tr> <td>raw <td>25 <tr> <td>endings <td>26 <tr> <td>comments <td>26 <tr> <td>collapse <td>22 <tr> <td>clippings <td>21 </table>
