<div><div>Two</div><div>Four</div><!--[if IE 8]>Eight<![endif]--></div>
