<!-- compress_html.debugging: size:25, endsize:17 --><p>One Two Three
