<div><!-- One --><div>Two</div><!-- Three --><div>Four</div></div>
