<table><tr><td>One</td></tr><tr><td>Two</td></tr></table>
