<div><div>One</div><div>Two</div><div>Three</div></div>
